2026-02-25 07:20:11: /mnt/d/AI_Employee_Vault/AI_Employee_Vault/.venv/lib/python3.13/site-packages/facebook/__init__.py:99: SyntaxWarning: invalid escape sequence '\d'
2026-02-25 07:20:11:   version_regex = re.compile("^\d\.\d{1,2}$")
2026-02-25 07:20:17: 2026-02-25 07:20:17 [FacebookInstagramWatcher] WARNING: FACEBOOK_PAGE_ACCESS_TOKEN not set. Set it in .env to enable Facebook + Instagram monitoring.
2026-02-25 07:20:17: 2026-02-25 07:20:17 [FacebookInstagramWatcher] INFO: Starting FacebookInstagramWatcher (interval: 180s, vault: /mnt/d/AI_Employee_Vault/AI_Employee_Vault)
2026-02-25 07:21:41: Traceback (most recent call last):
2026-02-25 07:21:41:   File "/mnt/d/AI_Employee_Vault/AI_Employee_Vault/facebook_watcher.py", line 544, in <module>
2026-02-25 07:21:41:     watcher.run()
2026-02-25 07:21:41:     ~~~~~~~~~~~^^
2026-02-25 07:21:41:   File "/mnt/d/AI_Employee_Vault/AI_Employee_Vault/base_watcher.py", line 92, in run
2026-02-25 07:21:41:     time.sleep(self.check_interval)
2026-02-25 07:21:41:     ~~~~~~~~~~^^^^^^^^^^^^^^^^^^^^^
2026-02-25 07:21:41: KeyboardInterrupt
2026-02-25 12:59:13: 2026-02-25 12:59:13 [FacebookInstagramWatcher] WARNING: FACEBOOK_PAGE_ACCESS_TOKEN not set. Set it in .env to enable Facebook + Instagram monitoring.
2026-02-25 12:59:13: 2026-02-25 12:59:13 [FacebookInstagramWatcher] INFO: Starting FacebookInstagramWatcher (interval: 180s, vault: /mnt/d/AI_Employee_Vault/AI_Employee_Vault, circuit: CLOSED, queued: 0)
2026-02-26 00:05:03: 2026-02-26 00:05:03 [FacebookInstagramWatcher] WARNING: FACEBOOK_PAGE_ACCESS_TOKEN not set. Set it in .env to enable Facebook + Instagram monitoring.
2026-02-26 00:05:03: 2026-02-26 00:05:03 [FacebookInstagramWatcher] INFO: Starting FacebookInstagramWatcher (interval: 180s, vault: /mnt/d/AI_Employee_Vault/AI_Employee_Vault, circuit: CLOSED, queued: 0)
2026-02-27 11:00:20: 2026-02-27 11:00:20 [FacebookInstagramWatcher] WARNING: FACEBOOK_PAGE_ACCESS_TOKEN not set. Set it in .env to enable Facebook + Instagram monitoring.
2026-02-27 11:00:22: 2026-02-27 11:00:22 [FacebookInstagramWatcher] INFO: Starting FacebookInstagramWatcher (interval: 180s, vault: /mnt/d/AI_Employee_Vault/AI_Employee_Vault, circuit: CLOSED, queued: 0)
2026-06-04 06:48:54: 2026-06-04 06:48:54 [FacebookInstagramWatcher] WARNING: FACEBOOK_PAGE_ACCESS_TOKEN not set. Set it in .env to enable Facebook + Instagram monitoring.
2026-06-04 06:48:54: 2026-06-04 06:48:54 [FacebookInstagramWatcher] INFO: Starting FacebookInstagramWatcher (interval: 180s, vault: /mnt/d/AI_Employee_Vault/AI_Employee_Vault, circuit: CLOSED, queued: 0)
2026-06-04 12:48:37: 2026-06-04 12:48:37 [FacebookInstagramWatcher] WARNING: FACEBOOK_PAGE_ACCESS_TOKEN not set. Set it in .env to enable Facebook + Instagram monitoring.
2026-06-04 12:48:37: 2026-06-04 12:48:37 [FacebookInstagramWatcher] INFO: Starting FacebookInstagramWatcher (interval: 180s, vault: /mnt/d/AI_Employee_Vault/AI_Employee_Vault, circuit: CLOSED, queued: 0)
2026-06-04 20:23:24: 2026-06-04 20:23:24 [FacebookInstagramWatcher] WARNING: FACEBOOK_PAGE_ACCESS_TOKEN not set. Set it in .env to enable Facebook + Instagram monitoring.
2026-06-04 20:23:24: 2026-06-04 20:23:24 [FacebookInstagramWatcher] INFO: Starting FacebookInstagramWatcher (interval: 180s, vault: /mnt/d/AI_Employee_Vault/AI_Employee_Vault, circuit: CLOSED, queued: 0)
2026-06-16 01:23:22: 2026-06-16 01:23:22 [FacebookInstagramWatcher] WARNING: FACEBOOK_PAGE_ACCESS_TOKEN not set. Set it in .env to enable Facebook + Instagram monitoring.
2026-06-16 01:23:22: 2026-06-16 01:23:22 [FacebookInstagramWatcher] INFO: Starting FacebookInstagramWatcher (interval: 180s, vault: /mnt/d/AI_Employee_Vault/AI_Employee_Vault, circuit: CLOSED, queued: 0)
2026-06-16 09:53:57: 2026-06-16 09:53:57 [FacebookInstagramWatcher] WARNING: FACEBOOK_PAGE_ACCESS_TOKEN not set. Set it in .env to enable Facebook + Instagram monitoring.
2026-06-16 09:53:57: 2026-06-16 09:53:57 [FacebookInstagramWatcher] INFO: Starting FacebookInstagramWatcher (interval: 180s, vault: /mnt/d/AI_Employee_Vault/AI_Employee_Vault, circuit: CLOSED, queued: 0)
2026-06-16 10:53:16: 2026-06-16 10:53:16 [FacebookInstagramWatcher] WARNING: FACEBOOK_PAGE_ACCESS_TOKEN not set. Set it in .env to enable Facebook + Instagram monitoring.
2026-06-16 10:53:16: 2026-06-16 10:53:16 [FacebookInstagramWatcher] INFO: Starting FacebookInstagramWatcher (interval: 180s, vault: /mnt/d/AI_Employee_Vault/AI_Employee_Vault, circuit: CLOSED, queued: 0)
2026-06-16 13:08:34: 2026-06-16 13:08:34 [FacebookInstagramWatcher] WARNING: FACEBOOK_PAGE_ACCESS_TOKEN not set. Set it in .env to enable Facebook + Instagram monitoring.
2026-06-16 13:08:34: 2026-06-16 13:08:34 [FacebookInstagramWatcher] INFO: Starting FacebookInstagramWatcher (interval: 180s, vault: /mnt/d/AI_Employee_Vault/AI_Employee_Vault, circuit: CLOSED, queued: 0)
