2026-02-25 07:20:13: 2026-02-25 07:20:13 [FileSystemWatcher] INFO: Watching /Inbox at: /mnt/d/AI_Employee_Vault/AI_Employee_Vault/Inbox
2026-02-25 07:20:13: 2026-02-25 07:20:13 [FileSystemWatcher] INFO: Action file created: FILE_test_file_2026-02-25.md
2026-02-25 07:20:13: 2026-02-25 07:20:13 [FileSystemWatcher] INFO: Processed 1 existing file(s)
2026-02-25 07:20:13: 2026-02-25 07:20:13 [FileSystemWatcher] INFO: Polling file observer started (WSL2-compatible)
2026-02-25 07:21:39: 2026-02-25 07:21:39 [FileSystemWatcher] INFO: Shutting down filesystem watcher...
2026-02-25 12:59:03: 2026-02-25 12:59:03 [FileSystemWatcher] INFO: Watching /Inbox at: /mnt/d/AI_Employee_Vault/AI_Employee_Vault/Inbox
2026-02-25 12:59:04: 2026-02-25 12:59:04 [FileSystemWatcher] INFO: Action file created: FILE_test_file_2026-02-25.md
2026-02-25 12:59:04: 2026-02-25 12:59:04 [FileSystemWatcher] INFO: Processed 1 existing file(s)
2026-02-25 12:59:04: 2026-02-25 12:59:04 [FileSystemWatcher] INFO: Polling file observer started (WSL2-compatible)
2026-02-26 00:04:47: 2026-02-26 00:04:47 [FileSystemWatcher] INFO: Shutting down filesystem watcher...
2026-02-26 00:04:55: 2026-02-26 00:04:55 [FileSystemWatcher] INFO: Watching /Inbox at: /mnt/d/AI_Employee_Vault/AI_Employee_Vault/Inbox
2026-02-26 00:04:55: 2026-02-26 00:04:55 [FileSystemWatcher] INFO: Action file created: FILE_test_file_2026-02-25.md
2026-02-26 00:04:57: 2026-02-26 00:04:57 [FileSystemWatcher] INFO: Processed 1 existing file(s)
2026-02-26 00:04:57: 2026-02-26 00:04:57 [FileSystemWatcher] INFO: Polling file observer started (WSL2-compatible)
2026-02-27 10:58:49: 2026-02-27 10:58:46 [FileSystemWatcher] INFO: Shutting down filesystem watcher...
2026-02-27 10:59:48: 2026-02-27 10:59:48 [FileSystemWatcher] INFO: Watching /Inbox at: /mnt/d/AI_Employee_Vault/AI_Employee_Vault/Inbox
2026-02-27 10:59:48: 2026-02-27 10:59:48 [FileSystemWatcher] INFO: Action file created: FILE_test_file_2026-02-27.md
2026-02-27 10:59:54: 2026-02-27 10:59:54 [FileSystemWatcher] INFO: Processed 1 existing file(s)
2026-02-27 10:59:54: 2026-02-27 10:59:54 [FileSystemWatcher] INFO: Polling file observer started (WSL2-compatible)
2026-06-04 06:48:36: 2026-06-04 06:48:36 [FileSystemWatcher] INFO: Watching /Inbox at: /mnt/d/AI_Employee_Vault/AI_Employee_Vault/Inbox
2026-06-04 06:48:36: 2026-06-04 06:48:36 [FileSystemWatcher] INFO: Action file created: FILE_test_file_2026-06-04.md
2026-06-04 06:48:36: 2026-06-04 06:48:36 [FileSystemWatcher] INFO: Processed 1 existing file(s)
2026-06-04 06:48:36: 2026-06-04 06:48:36 [FileSystemWatcher] INFO: Polling file observer started (WSL2-compatible)
2026-06-04 12:48:38: 2026-06-04 12:48:38 [FileSystemWatcher] INFO: Watching /Inbox at: /mnt/d/AI_Employee_Vault/AI_Employee_Vault/Inbox
2026-06-04 12:48:38: 2026-06-04 12:48:38 [FileSystemWatcher] INFO: Action file created: FILE_test_file_2026-06-04.md
2026-06-04 12:48:38: 2026-06-04 12:48:38 [FileSystemWatcher] INFO: Processed 1 existing file(s)
2026-06-04 12:48:38: 2026-06-04 12:48:38 [FileSystemWatcher] INFO: Polling file observer started (WSL2-compatible)
2026-06-04 20:23:23: 2026-06-04 20:23:23 [FileSystemWatcher] INFO: Watching /Inbox at: /mnt/d/AI_Employee_Vault/AI_Employee_Vault/Inbox
2026-06-04 20:23:23: 2026-06-04 20:23:23 [FileSystemWatcher] INFO: Action file created: FILE_test_file_2026-06-04.md
2026-06-04 20:23:23: 2026-06-04 20:23:23 [FileSystemWatcher] INFO: Processed 1 existing file(s)
2026-06-04 20:23:23: 2026-06-04 20:23:23 [FileSystemWatcher] INFO: Polling file observer started (WSL2-compatible)
2026-06-16 01:23:07: 2026-06-16 01:23:07 [FileSystemWatcher] INFO: Watching /Inbox at: /mnt/d/AI_Employee_Vault/AI_Employee_Vault/Inbox
2026-06-16 01:23:07: 2026-06-16 01:23:07 [FileSystemWatcher] INFO: Action file created: FILE_test_file_2026-06-15.md
2026-06-16 01:23:07: 2026-06-16 01:23:07 [FileSystemWatcher] INFO: Processed 1 existing file(s)
2026-06-16 01:23:07: 2026-06-16 01:23:07 [FileSystemWatcher] INFO: Polling file observer started (WSL2-compatible)
2026-06-16 09:53:55: 2026-06-16 09:53:55 [FileSystemWatcher] INFO: Watching /Inbox at: /mnt/d/AI_Employee_Vault/AI_Employee_Vault/Inbox
2026-06-16 09:53:55: 2026-06-16 09:53:55 [FileSystemWatcher] INFO: Action file created: FILE_test_file_2026-06-16.md
2026-06-16 09:53:55: 2026-06-16 09:53:55 [FileSystemWatcher] INFO: Processed 1 existing file(s)
2026-06-16 09:53:55: 2026-06-16 09:53:55 [FileSystemWatcher] INFO: Polling file observer started (WSL2-compatible)
2026-06-16 10:53:18: 2026-06-16 10:53:18 [FileSystemWatcher] INFO: Watching /Inbox at: /mnt/d/AI_Employee_Vault/AI_Employee_Vault/Inbox
2026-06-16 10:53:18: 2026-06-16 10:53:18 [FileSystemWatcher] INFO: Action file created: FILE_test_file_2026-06-16.md
2026-06-16 10:53:18: 2026-06-16 10:53:18 [FileSystemWatcher] INFO: Processed 1 existing file(s)
2026-06-16 10:53:18: 2026-06-16 10:53:18 [FileSystemWatcher] INFO: Polling file observer started (WSL2-compatible)
2026-06-16 13:08:32: 2026-06-16 13:08:32 [FileSystemWatcher] INFO: Watching /Inbox at: /mnt/d/AI_Employee_Vault/AI_Employee_Vault/Inbox
2026-06-16 13:08:32: 2026-06-16 13:08:32 [FileSystemWatcher] INFO: Action file created: FILE_test_file_2026-06-16.md
2026-06-16 13:08:33: 2026-06-16 13:08:33 [FileSystemWatcher] INFO: Processed 1 existing file(s)
2026-06-16 13:08:33: 2026-06-16 13:08:33 [FileSystemWatcher] INFO: Polling file observer started (WSL2-compatible)
